// Jest Snapshot v1, https://goo.gl/fbAQLP

exports[`assembler should assemble correctly 1`] = `
Array [
  C0, 03, 50, FC, D0, 00, 11, F1, 05, 9B, 00, C0, FC, C0, F6, 00,
  00, 00, 00, 00, 00, 00, 00, 00, 00, 00, 00, 00, 00, 00, 00, 00,
  00, 00, 00, 00, 00, 00, 00, 00, 00, 00, 00, 00, 00, 00, 00, 00,
  00, 00, 00, 00, 00, 00, 00, 00, 00, 00, 00, 00, 00, 00, 00, 00,
  00, 00, 00, 00, 00, 00, 00, 00, 00, 00, 00, 00, 00, 00, 00, 00,
  E0, 00, E0, 01, EA, C0, 07, 84, C8, 30, 58, 57, D1, 01, 5B, D3,
  00, 01, F1, 01, DB, 00, 58, C1, 09, A4, 01, D2, 5B, 01, C0, 08,
  D0, 01, 57, D2, 5B, 01, EB, E1, 01, E1, 00, CD, 00, 00, 00, 00,
  00, 00, 00, 00, 00, 00, 00, 00, 00, 00, 00, 00, 00, 00, 00, 00,
  00, 00, 00, 00, 00, 00, 00, 00, 00, 00, 00, 00, 00, 00, 00, 00,
  00, 00, 00, 00, 00, 00, 00, 00, 00, 00, 00, 00, 00, 00, 00, 00,
  00, 00, 00, 00, 00, 00, 00, 00, 00, 00, 00, 00, 00, 00, 00, 00,
  20, 20, 20, 20, 20, 20, 20, 20, 20, 20, 20, 20, 20, 20, 20, 20,
  20, 20, 20, 20, 20, 20, 20, 20, 20, 20, 20, 20, 20, 20, 20, 20,
  20, 20, 20, 20, 20, 20, 20, 20, 20, 20, 20, 20, 20, 20, 20, 20,
  20, 20, 20, 20, 20, 20, 20, 20, 20, 20, 20, 20, 20, 20, 20, 20
]
`;
